npm warn Unknown project config "public-hoist-pattern". This will stop working in the next major version of npm.
node_modules/@inertiajs/core/types/axiosHttpClient.d.ts(1,36): error TS2307: Cannot find module 'axios' or its corresponding type declarations.
node_modules/@inertiajs/react/types/Form.d.ts(2,8): error TS1259: Module '"C:/Users/jonathan.coelho/Desktop/sigo_sso/node_modules/@types/react/index"' can only be default-imported using the 'esModuleInterop' flag
node_modules/@inertiajs/react/types/InfiniteScroll.d.ts(2,8): error TS1259: Module '"C:/Users/jonathan.coelho/Desktop/sigo_sso/node_modules/@types/react/index"' can only be default-imported using the 'esModuleInterop' flag
resources/js/pages/admin/clients/index.tsx(5,24): error TS2307: Cannot find module '@/components/ui/button' or its corresponding type declarations.
resources/js/pages/admin/clients/index.tsx(6,75): error TS2307: Cannot find module '@/components/ui/card' or its corresponding type declarations.
resources/js/pages/admin/clients/index.tsx(16,8): error TS2307: Cannot find module '@/components/ui/dialog' or its corresponding type declarations.
resources/js/pages/admin/clients/index.tsx(27,8): error TS2307: Cannot find module '@/components/ui/alert-dialog' or its corresponding type declarations.
resources/js/pages/admin/clients/index.tsx(28,23): error TS2307: Cannot find module '@/components/ui/input' or its corresponding type declarations.
resources/js/pages/admin/clients/index.tsx(29,23): error TS2307: Cannot find module '@/components/ui/label' or its corresponding type declarations.
resources/js/pages/admin/clients/index.tsx(30,24): error TS2307: Cannot find module '@/components/input-error' or its corresponding type declarations.
resources/js/pages/admin/clients/index.tsx(75,14): error TS2552: Cannot find name 'route'. Did you mean 'router'?
resources/js/pages/admin/clients/index.tsx(84,23): error TS2552: Cannot find name 'route'. Did you mean 'router'?
resources/js/pages/admin/clients/index.tsx(88,9): error TS17004: Cannot use JSX unless the '--jsx' flag is provided.
resources/js/pages/admin/clients/index.tsx(89,13): error TS17004: Cannot use JSX unless the '--jsx' flag is provided.
resources/js/pages/admin/clients/index.tsx(91,13): error TS17004: Cannot use JSX unless the '--jsx' flag is provided.
resources/js/pages/admin/clients/index.tsx(92,17): error TS17004: Cannot use JSX unless the '--jsx' flag is provided.
resources/js/pages/admin/clients/index.tsx(93,21): error TS17004: Cannot use JSX unless the '--jsx' flag is provided.
resources/js/pages/admin/clients/index.tsx(94,21): error TS17004: Cannot use JSX unless the '--jsx' flag is provided.
resources/js/pages/admin/clients/index.tsx(99,17): error TS17004: Cannot use JSX unless the '--jsx' flag is provided.
resources/js/pages/admin/clients/index.tsx(100,21): error TS17004: Cannot use JSX unless the '--jsx' flag is provided.
resources/js/pages/admin/clients/index.tsx(101,25): error TS17004: Cannot use JSX unless the '--jsx' flag is provided.
resources/js/pages/admin/clients/index.tsx(102,29): error TS17004: Cannot use JSX unless the '--jsx' flag is provided.
resources/js/pages/admin/clients/index.tsx(106,21): error TS17004: Cannot use JSX unless the '--jsx' flag is provided.
resources/js/pages/admin/clients/index.tsx(107,25): error TS17004: Cannot use JSX unless the '--jsx' flag is provided.
resources/js/pages/admin/clients/index.tsx(108,29): error TS17004: Cannot use JSX unless the '--jsx' flag is provided.
resources/js/pages/admin/clients/index.tsx(109,29): error TS17004: Cannot use JSX unless the '--jsx' flag is provided.
resources/js/pages/admin/clients/index.tsx(113,25): error TS17004: Cannot use JSX unless the '--jsx' flag is provided.
resources/js/pages/admin/clients/index.tsx(114,29): error TS17004: Cannot use JSX unless the '--jsx' flag is provided.
resources/js/pages/admin/clients/index.tsx(115,33): error TS17004: Cannot use JSX unless the '--jsx' flag is provided.
resources/js/pages/admin/clients/index.tsx(116,33): error TS17004: Cannot use JSX unless the '--jsx' flag is provided.
resources/js/pages/admin/clients/index.tsx(123,33): error TS17004: Cannot use JSX unless the '--jsx' flag is provided.
resources/js/pages/admin/clients/index.tsx(125,29): error TS17004: Cannot use JSX unless the '--jsx' flag is provided.
resources/js/pages/admin/clients/index.tsx(126,33): error TS17004: Cannot use JSX unless the '--jsx' flag is provided.
resources/js/pages/admin/clients/index.tsx(127,33): error TS17004: Cannot use JSX unless the '--jsx' flag is provided.
resources/js/pages/admin/clients/index.tsx(133,33): error TS17004: Cannot use JSX unless the '--jsx' flag is provided.
resources/js/pages/admin/clients/index.tsx(136,33): error TS17004: Cannot use JSX unless the '--jsx' flag is provided.
resources/js/pages/admin/clients/index.tsx(138,29): error TS17004: Cannot use JSX unless the '--jsx' flag is provided.
resources/js/pages/admin/clients/index.tsx(139,33): error TS17004: Cannot use JSX unless the '--jsx' flag is provided.
resources/js/pages/admin/clients/index.tsx(150,17): error TS17004: Cannot use JSX unless the '--jsx' flag is provided.
resources/js/pages/admin/clients/index.tsx(151,21): error TS17004: Cannot use JSX unless the '--jsx' flag is provided.
resources/js/pages/admin/clients/index.tsx(152,25): error TS17004: Cannot use JSX unless the '--jsx' flag is provided.
resources/js/pages/admin/clients/index.tsx(153,29): error TS17004: Cannot use JSX unless the '--jsx' flag is provided.
resources/js/pages/admin/clients/index.tsx(154,29): error TS17004: Cannot use JSX unless the '--jsx' flag is provided.
resources/js/pages/admin/clients/index.tsx(158,25): error TS17004: Cannot use JSX unless the '--jsx' flag is provided.
resources/js/pages/admin/clients/index.tsx(159,81): error TS17004: Cannot use JSX unless the '--jsx' flag is provided.
resources/js/pages/admin/clients/index.tsx(162,21): error TS17004: Cannot use JSX unless the '--jsx' flag is provided.
resources/js/pages/admin/clients/index.tsx(163,25): error TS17004: Cannot use JSX unless the '--jsx' flag is provided.
resources/js/pages/admin/clients/index.tsx(164,29): error TS17004: Cannot use JSX unless the '--jsx' flag is provided.
resources/js/pages/admin/clients/index.tsx(165,33): error TS17004: Cannot use JSX unless the '--jsx' flag is provided.
resources/js/pages/admin/clients/index.tsx(166,33): error TS17004: Cannot use JSX unless the '--jsx' flag is provided.
resources/js/pages/admin/clients/index.tsx(167,37): error TS17004: Cannot use JSX unless the '--jsx' flag is provided.
resources/js/pages/admin/clients/index.tsx(168,37): error TS17004: Cannot use JSX unless the '--jsx' flag is provided.
resources/js/pages/admin/clients/index.tsx(169,77): error TS17004: Cannot use JSX unless the '--jsx' flag is provided.
resources/js/pages/admin/clients/index.tsx(169,126): error TS17004: Cannot use JSX unless the '--jsx' flag is provided.
resources/js/pages/admin/clients/index.tsx(173,29): error TS17004: Cannot use JSX unless the '--jsx' flag is provided.
resources/js/pages/admin/clients/index.tsx(174,33): error TS17004: Cannot use JSX unless the '--jsx' flag is provided.
resources/js/pages/admin/clients/index.tsx(175,33): error TS17004: Cannot use JSX unless the '--jsx' flag is provided.
resources/js/pages/admin/clients/index.tsx(176,37): error TS17004: Cannot use JSX unless the '--jsx' flag is provided.
resources/js/pages/admin/clients/index.tsx(177,37): error TS17004: Cannot use JSX unless the '--jsx' flag is provided.
resources/js/pages/admin/clients/index.tsx(178,57): error TS17004: Cannot use JSX unless the '--jsx' flag is provided.
resources/js/pages/admin/clients/index.tsx(178,106): error TS17004: Cannot use JSX unless the '--jsx' flag is provided.
resources/js/pages/admin/clients/index.tsx(183,25): error TS17004: Cannot use JSX unless the '--jsx' flag is provided.
resources/js/pages/admin/clients/index.tsx(184,29): error TS17004: Cannot use JSX unless the '--jsx' flag is provided.
resources/js/pages/admin/clients/index.tsx(185,29): error TS17004: Cannot use JSX unless the '--jsx' flag is provided.
resources/js/pages/admin/clients/index.tsx(186,33): error TS17004: Cannot use JSX unless the '--jsx' flag is provided.
resources/js/pages/admin/clients/index.tsx(195,13): error TS17004: Cannot use JSX unless the '--jsx' flag is provided.
resources/js/pages/admin/clients/index.tsx(197,21): error TS17004: Cannot use JSX unless the '--jsx' flag is provided.
resources/js/pages/admin/clients/index.tsx(198,25): error TS17004: Cannot use JSX unless the '--jsx' flag is provided.
resources/js/pages/admin/clients/index.tsx(199,29): error TS17004: Cannot use JSX unless the '--jsx' flag is provided.
resources/js/pages/admin/clients/index.tsx(200,29): error TS17004: Cannot use JSX unless the '--jsx' flag is provided.
resources/js/pages/admin/clients/index.tsx(201,29): error TS17004: Cannot use JSX unless the '--jsx' flag is provided.
resources/js/pages/admin/clients/index.tsx(206,25): error TS17004: Cannot use JSX unless the '--jsx' flag is provided.
resources/js/pages/admin/clients/index.tsx(207,29): error TS17004: Cannot use JSX unless the '--jsx' flag is provided.
resources/js/pages/admin/clients/index.tsx(208,33): error TS17004: Cannot use JSX unless the '--jsx' flag is provided.
resources/js/pages/admin/clients/index.tsx(209,37): error TS17004: Cannot use JSX unless the '--jsx' flag is provided.
resources/js/pages/admin/clients/index.tsx(210,41): error TS17004: Cannot use JSX unless the '--jsx' flag is provided.
resources/js/pages/admin/clients/index.tsx(213,41): error TS17004: Cannot use JSX unless the '--jsx' flag is provided.
resources/js/pages/admin/clients/index.tsx(214,45): error TS17004: Cannot use JSX unless the '--jsx' flag is provided.
resources/js/pages/admin/clients/index.tsx(215,49): error TS17004: Cannot use JSX unless the '--jsx' flag is provided.
resources/js/pages/admin/clients/index.tsx(221,37): error TS17004: Cannot use JSX unless the '--jsx' flag is provided.
resources/js/pages/admin/clients/index.tsx(222,41): error TS17004: Cannot use JSX unless the '--jsx' flag is provided.
resources/js/pages/admin/clients/index.tsx(223,45): error TS17004: Cannot use JSX unless the '--jsx' flag is provided.
resources/js/pages/admin/clients/index.tsx(224,49): error TS17004: Cannot use JSX unless the '--jsx' flag is provided.
resources/js/pages/admin/clients/index.tsx(225,53): error TS17004: Cannot use JSX unless the '--jsx' flag is provided.
resources/js/pages/admin/clients/index.tsx(228,45): error TS17004: Cannot use JSX unless the '--jsx' flag is provided.
resources/js/pages/admin/clients/index.tsx(229,49): error TS17004: Cannot use JSX unless the '--jsx' flag is provided.
resources/js/pages/admin/clients/index.tsx(230,53): error TS17004: Cannot use JSX unless the '--jsx' flag is provided.
resources/js/pages/admin/clients/index.tsx(231,53): error TS17004: Cannot use JSX unless the '--jsx' flag is provided.
resources/js/pages/admin/clients/index.tsx(236,49): error TS17004: Cannot use JSX unless the '--jsx' flag is provided.
resources/js/pages/admin/clients/index.tsx(237,53): error TS17004: Cannot use JSX unless the '--jsx' flag is provided.
resources/js/pages/admin/clients/index.tsx(238,53): error TS17004: Cannot use JSX unless the '--jsx' flag is provided.
resources/js/pages/admin/clients/index.tsx(248,29): error TS17004: Cannot use JSX unless the '--jsx' flag is provided.
resources/js/pages/admin/clients/index.tsx(249,33): error TS17004: Cannot use JSX unless the '--jsx' flag is provided.
resources/js/pages/admin/clients/index.tsx(250,37): error TS17004: Cannot use JSX unless the '--jsx' flag is provided.
resources/js/pages/admin/clients/index.tsx(251,41): error TS17004: Cannot use JSX unless the '--jsx' flag is provided.
resources/js/pages/admin/clients/index.tsx(252,45): error TS17004: Cannot use JSX unless the '--jsx' flag is provided.
resources/js/pages/admin/clients/index.tsx(255,41): error TS17004: Cannot use JSX unless the '--jsx' flag is provided.
resources/js/pages/admin/clients/index.tsx(258,37): error TS17004: Cannot use JSX unless the '--jsx' flag is provided.
resources/js/pages/admin/clients/index.tsx(260,41): error TS17004: Cannot use JSX unless the '--jsx' flag is provided.
resources/js/pages/admin/clients/index.tsx(261,45): error TS17004: Cannot use JSX unless the '--jsx' flag is provided.
resources/js/pages/admin/clients/index.tsx(262,49): error TS17004: Cannot use JSX unless the '--jsx' flag is provided.
resources/js/pages/admin/clients/index.tsx(263,49): error TS17004: Cannot use JSX unless the '--jsx' flag is provided.
resources/js/pages/admin/clients/index.tsx(270,45): error TS17004: Cannot use JSX unless the '--jsx' flag is provided.
resources/js/pages/admin/clients/index.tsx(276,41): error TS17004: Cannot use JSX unless the '--jsx' flag is provided.
resources/js/pages/admin/clients/index.tsx(277,45): error TS17004: Cannot use JSX unless the '--jsx' flag is provided.
resources/js/pages/admin/clients/index.tsx(278,49): error TS17004: Cannot use JSX unless the '--jsx' flag is provided.
resources/js/pages/admin/clients/index.tsx(279,49): error TS17004: Cannot use JSX unless the '--jsx' flag is provided.
resources/js/pages/admin/clients/index.tsx(280,53): error TS17004: Cannot use JSX unless the '--jsx' flag is provided.
resources/js/pages/admin/clients/index.tsx(281,57): error TS17004: Cannot use JSX unless the '--jsx' flag is provided.
resources/js/pages/admin/clients/index.tsx(282,61): error TS17004: Cannot use JSX unless the '--jsx' flag is provided.
resources/js/pages/admin/clients/index.tsx(286,53): error TS17004: Cannot use JSX unless the '--jsx' flag is provided.
resources/js/pages/admin/clients/index.tsx(287,57): error TS17004: Cannot use JSX unless the '--jsx' flag is provided.
resources/js/pages/admin/clients/index.tsx(288,61): error TS17004: Cannot use JSX unless the '--jsx' flag is provided.
resources/js/pages/admin/clients/index.tsx(289,61): error TS17004: Cannot use JSX unless the '--jsx' flag is provided.
resources/js/pages/admin/clients/index.tsx(290,86): error TS17004: Cannot use JSX unless the '--jsx' flag is provided.
resources/js/pages/admin/clients/index.tsx(294,57): error TS17004: Cannot use JSX unless the '--jsx' flag is provided.
resources/js/pages/admin/clients/index.tsx(295,61): error TS17004: Cannot use JSX unless the '--jsx' flag is provided.
resources/js/pages/admin/clients/index.tsx(296,61): error TS17004: Cannot use JSX unless the '--jsx' flag is provided.
resources/js/pages/admin/clients/index.tsx(297,92): error TS2552: Cannot find name 'route'. Did you mean 'router'?
resources/js/pages/admin/clients/index.tsx(306,45): error TS17004: Cannot use JSX unless the '--jsx' flag is provided.
resources/js/pages/admin/clients/index.tsx(307,49): error TS17004: Cannot use JSX unless the '--jsx' flag is provided.
